Copyright 1986-2016 Xilinx, Inc. All Rights Reserved.
-------------------------------------------------------------------------------------
| Tool Version : Vivado v.2016.3 (win64) Build 1682563 Mon Oct 10 19:07:27 MDT 2016
| Date         : Tue Apr 25 23:13:21 2017
| Host         : YR151215-IXCK running 64-bit Service Pack 1  (build 7601)
| Command      : report_control_sets -verbose -file SCPU_top_control_sets_placed.rpt
| Design       : SCPU_top
| Device       : xc7a35t
-------------------------------------------------------------------------------------

Control Set Information

Table of Contents
-----------------
1. Summary
2. Flip-Flop Distribution
3. Detailed Control Set Information

1. Summary
----------

+----------------------------------------------------------+-------+
|                          Status                          | Count |
+----------------------------------------------------------+-------+
| Number of unique control sets                            |   274 |
| Unused register locations in slices containing registers |    54 |
+----------------------------------------------------------+-------+


2. Flip-Flop Distribution
-------------------------

+--------------+-----------------------+------------------------+-----------------+--------------+
| Clock Enable | Synchronous Set/Reset | Asynchronous Set/Reset | Total Registers | Total Slices |
+--------------+-----------------------+------------------------+-----------------+--------------+
| No           | No                    | No                     |              68 |           45 |
| No           | No                    | Yes                    |               0 |            0 |
| No           | Yes                   | No                     |               0 |            0 |
| Yes          | No                    | No                     |            2288 |         1421 |
| Yes          | No                    | Yes                    |               0 |            0 |
| Yes          | Yes                   | No                     |               6 |            2 |
+--------------+-----------------------+------------------------+-----------------+--------------+


3. Detailed Control Set Information
-----------------------------------

+--------------------------------------------------+---------------------------------------+------------------------------+------------------+----------------+
|                   Clock Signal                   |             Enable Signal             |       Set/Reset Signal       | Slice Load Count | Bel Load Count |
+--------------------------------------------------+---------------------------------------+------------------------------+------------------+----------------+
|  button_out/button_after_scaning                 |                                       |                              |                1 |              1 |
|  myCPU/my_PC/registers_reg[1][14]_5              |                                       |                              |                1 |              1 |
|  myCPU/my_PC/registers_reg[6][31]                |                                       |                              |                1 |              1 |
|  myCPU/my_control_unit/ExtSel_inferred__0/i__n_0 |                                       |                              |                1 |              1 |
|  myCPU/my_control_unit/PCWre_inferred__0/i__n_0  |                                       |                              |                1 |              1 |
|  clock/CLK                                       |                                       |                              |                2 |              3 |
|  L_OBUF_BUFG                                     | myCPU/my_control_unit/curPC_reg[2][0] | myCPU/my_PC/curPC[7]_i_1_n_0 |                2 |              6 |
| ~L_OBUF_BUFG                                     | myCPU/my_PC/data_reg[101][7][0]       |                              |                5 |              8 |
| ~L_OBUF_BUFG                                     | myCPU/my_PC/data_reg[102][7]_0[0]     |                              |                5 |              8 |
| ~L_OBUF_BUFG                                     | myCPU/my_PC/data_reg[103][7][0]       |                              |                6 |              8 |
| ~L_OBUF_BUFG                                     | myCPU/my_PC/data_reg[104][7][0]       |                              |                5 |              8 |
| ~L_OBUF_BUFG                                     | myCPU/my_PC/data_reg[105][7][0]       |                              |                7 |              8 |
| ~L_OBUF_BUFG                                     | myCPU/my_PC/data_reg[106][7]_0[0]     |                              |                6 |              8 |
| ~L_OBUF_BUFG                                     | myCPU/my_PC/data_reg[107][7][0]       |                              |                6 |              8 |
| ~L_OBUF_BUFG                                     | myCPU/my_PC/data_reg[108][7][0]       |                              |                7 |              8 |
| ~L_OBUF_BUFG                                     | myCPU/my_PC/data_reg[109][7]_0[0]     |                              |                4 |              8 |
| ~L_OBUF_BUFG                                     | myCPU/my_PC/data_reg[10][7][0]        |                              |                3 |              8 |
| ~L_OBUF_BUFG                                     | myCPU/my_PC/data_reg[110][7][0]       |                              |                5 |              8 |
| ~L_OBUF_BUFG                                     | myCPU/my_PC/data_reg[111][7][0]       |                              |                5 |              8 |
| ~L_OBUF_BUFG                                     | myCPU/my_PC/data_reg[112][7][0]       |                              |                6 |              8 |
| ~L_OBUF_BUFG                                     | myCPU/my_PC/data_reg[113][7]_0[0]     |                              |                7 |              8 |
| ~L_OBUF_BUFG                                     | myCPU/my_PC/data_reg[114][7][0]       |                              |                8 |              8 |
| ~L_OBUF_BUFG                                     | myCPU/my_PC/data_reg[115][7][0]       |                              |                6 |              8 |
| ~L_OBUF_BUFG                                     | myCPU/my_PC/data_reg[116][7][0]       |                              |                6 |              8 |
| ~L_OBUF_BUFG                                     | myCPU/my_PC/data_reg[117][7][0]       |                              |                6 |              8 |
| ~L_OBUF_BUFG                                     | myCPU/my_PC/data_reg[118][7][0]       |                              |                7 |              8 |
| ~L_OBUF_BUFG                                     | myCPU/my_PC/data_reg[119][7][0]       |                              |                4 |              8 |
| ~L_OBUF_BUFG                                     | myCPU/my_PC/data_reg[11][7][0]        |                              |                4 |              8 |
| ~L_OBUF_BUFG                                     | myCPU/my_PC/data_reg[120][7]_0[0]     |                              |                6 |              8 |
| ~L_OBUF_BUFG                                     | myCPU/my_PC/data_reg[121][7][0]       |                              |                5 |              8 |
| ~L_OBUF_BUFG                                     | myCPU/my_PC/data_reg[122][7][0]       |                              |                8 |              8 |
| ~L_OBUF_BUFG                                     | myCPU/my_PC/data_reg[123][7][0]       |                              |                5 |              8 |
| ~L_OBUF_BUFG                                     | myCPU/my_PC/data_reg[124][7][0]       |                              |                7 |              8 |
| ~L_OBUF_BUFG                                     | myCPU/my_PC/data_reg[125][7]_0[0]     |                              |                7 |              8 |
| ~L_OBUF_BUFG                                     | myCPU/my_PC/data_reg[126][7]_0[0]     |                              |                5 |              8 |
| ~L_OBUF_BUFG                                     | myCPU/my_PC/data_reg[127][7][0]       |                              |                3 |              8 |
| ~L_OBUF_BUFG                                     | myCPU/my_PC/data_reg[128][7]_1[0]     |                              |                5 |              8 |
| ~L_OBUF_BUFG                                     | myCPU/my_PC/data_reg[129][7][0]       |                              |                8 |              8 |
| ~L_OBUF_BUFG                                     | myCPU/my_PC/data_reg[12][7]_1[0]      |                              |                6 |              8 |
| ~L_OBUF_BUFG                                     | myCPU/my_PC/data_reg[130][7]_0[0]     |                              |                5 |              8 |
| ~L_OBUF_BUFG                                     | myCPU/my_PC/data_reg[131][7]_0[0]     |                              |                7 |              8 |
| ~L_OBUF_BUFG                                     | myCPU/my_PC/data_reg[132][7]_0[0]     |                              |                4 |              8 |
| ~L_OBUF_BUFG                                     | myCPU/my_PC/data_reg[133][7]_1[0]     |                              |                4 |              8 |
| ~L_OBUF_BUFG                                     | myCPU/my_PC/data_reg[134][7]_1[0]     |                              |                6 |              8 |
| ~L_OBUF_BUFG                                     | myCPU/my_PC/data_reg[135][7][0]       |                              |                5 |              8 |
| ~L_OBUF_BUFG                                     | myCPU/my_PC/data_reg[136][7]_2[0]     |                              |                5 |              8 |
| ~L_OBUF_BUFG                                     | myCPU/my_PC/data_reg[137][7]_1[0]     |                              |                2 |              8 |
| ~L_OBUF_BUFG                                     | myCPU/my_PC/data_reg[138][7]_2[0]     |                              |                5 |              8 |
| ~L_OBUF_BUFG                                     | myCPU/my_PC/data_reg[139][7]_2[0]     |                              |                5 |              8 |
| ~L_OBUF_BUFG                                     | myCPU/my_PC/data_reg[13][7]_0[0]      |                              |                6 |              8 |
| ~L_OBUF_BUFG                                     | myCPU/my_PC/data_reg[140][7]_0[0]     |                              |                3 |              8 |
| ~L_OBUF_BUFG                                     | myCPU/my_PC/data_reg[141][7][0]       |                              |                4 |              8 |
| ~L_OBUF_BUFG                                     | myCPU/my_PC/data_reg[142][7]_0[0]     |                              |                6 |              8 |
| ~L_OBUF_BUFG                                     | myCPU/my_PC/data_reg[143][7]_0[0]     |                              |                5 |              8 |
| ~L_OBUF_BUFG                                     | myCPU/my_PC/data_reg[144][7][0]       |                              |                8 |              8 |
| ~L_OBUF_BUFG                                     | myCPU/my_PC/data_reg[145][7]_0[0]     |                              |                8 |              8 |
| ~L_OBUF_BUFG                                     | myCPU/my_PC/data_reg[146][7][0]       |                              |                4 |              8 |
| ~L_OBUF_BUFG                                     | myCPU/my_PC/data_reg[147][7][0]       |                              |                6 |              8 |
| ~L_OBUF_BUFG                                     | myCPU/my_PC/data_reg[148][7][0]       |                              |                4 |              8 |
| ~L_OBUF_BUFG                                     | myCPU/my_PC/data_reg[149][7][0]       |                              |                4 |              8 |
| ~L_OBUF_BUFG                                     | myCPU/my_PC/data_reg[14][7]_1[0]      |                              |                7 |              8 |
| ~L_OBUF_BUFG                                     | myCPU/my_PC/data_reg[150][7][0]       |                              |                2 |              8 |
| ~L_OBUF_BUFG                                     | myCPU/my_PC/data_reg[151][7]_0[0]     |                              |                6 |              8 |
| ~L_OBUF_BUFG                                     | myCPU/my_PC/data_reg[152][7]_0[0]     |                              |                5 |              8 |
| ~L_OBUF_BUFG                                     | myCPU/my_PC/data_reg[153][7][0]       |                              |                5 |              8 |
| ~L_OBUF_BUFG                                     | myCPU/my_PC/data_reg[154][7][0]       |                              |                8 |              8 |
| ~L_OBUF_BUFG                                     | myCPU/my_PC/data_reg[155][7][0]       |                              |                2 |              8 |
| ~L_OBUF_BUFG                                     | myCPU/my_PC/data_reg[156][7]_0[0]     |                              |                8 |              8 |
| ~L_OBUF_BUFG                                     | myCPU/my_PC/data_reg[157][7][0]       |                              |                7 |              8 |
| ~L_OBUF_BUFG                                     | myCPU/my_PC/data_reg[158][7]_0[0]     |                              |                5 |              8 |
| ~L_OBUF_BUFG                                     | myCPU/my_PC/data_reg[159][7][0]       |                              |                4 |              8 |
| ~L_OBUF_BUFG                                     | myCPU/my_PC/data_reg[160][7][0]       |                              |                4 |              8 |
| ~L_OBUF_BUFG                                     | myCPU/my_PC/data_reg[161][7]_0[0]     |                              |                6 |              8 |
| ~L_OBUF_BUFG                                     | myCPU/my_PC/data_reg[162][7]_0[0]     |                              |                6 |              8 |
| ~L_OBUF_BUFG                                     | myCPU/my_PC/data_reg[163][7][0]       |                              |                6 |              8 |
| ~L_OBUF_BUFG                                     | myCPU/my_PC/data_reg[164][7][0]       |                              |                7 |              8 |
| ~L_OBUF_BUFG                                     | myCPU/my_PC/data_reg[165][7][0]       |                              |                7 |              8 |
| ~L_OBUF_BUFG                                     | myCPU/my_PC/data_reg[166][7][0]       |                              |                5 |              8 |
| ~L_OBUF_BUFG                                     | myCPU/my_PC/data_reg[167][7][0]       |                              |                6 |              8 |
| ~L_OBUF_BUFG                                     | myCPU/my_PC/data_reg[168][7][0]       |                              |                8 |              8 |
| ~L_OBUF_BUFG                                     | myCPU/my_PC/data_reg[169][7][0]       |                              |                4 |              8 |
| ~L_OBUF_BUFG                                     | myCPU/my_PC/data_reg[16][7]_1[0]      |                              |                4 |              8 |
| ~L_OBUF_BUFG                                     | myCPU/my_PC/data_reg[170][7][0]       |                              |                6 |              8 |
| ~L_OBUF_BUFG                                     | myCPU/my_PC/data_reg[171][7]_0[0]     |                              |                5 |              8 |
| ~L_OBUF_BUFG                                     | myCPU/my_PC/data_reg[172][7]_0[0]     |                              |                5 |              8 |
| ~L_OBUF_BUFG                                     | myCPU/my_PC/data_reg[173][7][0]       |                              |                6 |              8 |
| ~L_OBUF_BUFG                                     | myCPU/my_PC/data_reg[174][7]_0[0]     |                              |                6 |              8 |
| ~L_OBUF_BUFG                                     | myCPU/my_PC/data_reg[175][7]_0[0]     |                              |                4 |              8 |
| ~L_OBUF_BUFG                                     | myCPU/my_PC/data_reg[176][7][0]       |                              |                6 |              8 |
| ~L_OBUF_BUFG                                     | myCPU/my_PC/data_reg[177][7]_1[0]     |                              |                5 |              8 |
| ~L_OBUF_BUFG                                     | myCPU/my_PC/data_reg[178][7][0]       |                              |                5 |              8 |
| ~L_OBUF_BUFG                                     | myCPU/my_PC/data_reg[179][7]_0[0]     |                              |                5 |              8 |
| ~L_OBUF_BUFG                                     | myCPU/my_PC/data_reg[17][7]_7[0]      |                              |                5 |              8 |
| ~L_OBUF_BUFG                                     | myCPU/my_PC/data_reg[180][7][0]       |                              |                7 |              8 |
| ~L_OBUF_BUFG                                     | myCPU/my_PC/data_reg[181][7]_0[0]     |                              |                6 |              8 |
| ~L_OBUF_BUFG                                     | myCPU/my_PC/data_reg[182][7][0]       |                              |                5 |              8 |
| ~L_OBUF_BUFG                                     | myCPU/my_PC/data_reg[183][7]_0[0]     |                              |                6 |              8 |
| ~L_OBUF_BUFG                                     | myCPU/my_PC/data_reg[184][7][0]       |                              |                4 |              8 |
| ~L_OBUF_BUFG                                     | myCPU/my_PC/data_reg[185][7]_0[0]     |                              |                6 |              8 |
| ~L_OBUF_BUFG                                     | myCPU/my_PC/data_reg[186][7]_0[0]     |                              |                5 |              8 |
| ~L_OBUF_BUFG                                     | myCPU/my_PC/data_reg[187][7][0]       |                              |                6 |              8 |
| ~L_OBUF_BUFG                                     | myCPU/my_PC/data_reg[188][7]_0[0]     |                              |                5 |              8 |
| ~L_OBUF_BUFG                                     | myCPU/my_PC/data_reg[189][7]_0[0]     |                              |                5 |              8 |
| ~L_OBUF_BUFG                                     | myCPU/my_PC/data_reg[18][7]_2[0]      |                              |                5 |              8 |
| ~L_OBUF_BUFG                                     | myCPU/my_PC/data_reg[190][7][0]       |                              |                5 |              8 |
| ~L_OBUF_BUFG                                     | myCPU/my_PC/data_reg[191][7]_0[0]     |                              |                5 |              8 |
| ~L_OBUF_BUFG                                     | myCPU/my_PC/data_reg[192][7]_0[0]     |                              |                5 |              8 |
| ~L_OBUF_BUFG                                     | myCPU/my_PC/data_reg[193][7][0]       |                              |                5 |              8 |
| ~L_OBUF_BUFG                                     | myCPU/my_PC/data_reg[194][7][0]       |                              |                3 |              8 |
| ~L_OBUF_BUFG                                     | myCPU/my_PC/data_reg[195][7][0]       |                              |                5 |              8 |
| ~L_OBUF_BUFG                                     | myCPU/my_PC/data_reg[196][7][0]       |                              |                6 |              8 |
| ~L_OBUF_BUFG                                     | myCPU/my_PC/data_reg[197][7]_1[0]     |                              |                4 |              8 |
| ~L_OBUF_BUFG                                     | myCPU/my_PC/data_reg[198][7]_0[0]     |                              |                5 |              8 |
| ~L_OBUF_BUFG                                     | myCPU/my_PC/data_reg[199][7][0]       |                              |                5 |              8 |
| ~L_OBUF_BUFG                                     | myCPU/my_PC/data_reg[19][7][0]        |                              |                5 |              8 |
| ~L_OBUF_BUFG                                     | myCPU/my_PC/data_reg[1][7][0]         |                              |                6 |              8 |
| ~L_OBUF_BUFG                                     | myCPU/my_PC/data_reg[200][7][0]       |                              |                3 |              8 |
| ~L_OBUF_BUFG                                     | myCPU/my_PC/data_reg[201][7][0]       |                              |                4 |              8 |
| ~L_OBUF_BUFG                                     | myCPU/my_PC/data_reg[202][7]_0[0]     |                              |                5 |              8 |
| ~L_OBUF_BUFG                                     | myCPU/my_PC/data_reg[203][7][0]       |                              |                4 |              8 |
| ~L_OBUF_BUFG                                     | myCPU/my_PC/data_reg[204][7]_0[0]     |                              |                5 |              8 |
| ~L_OBUF_BUFG                                     | myCPU/my_PC/data_reg[205][7]_1[0]     |                              |                5 |              8 |
| ~L_OBUF_BUFG                                     | myCPU/my_PC/data_reg[206][7][0]       |                              |                6 |              8 |
| ~L_OBUF_BUFG                                     | myCPU/my_PC/data_reg[207][7][0]       |                              |                5 |              8 |
| ~L_OBUF_BUFG                                     | myCPU/my_PC/data_reg[208][7][0]       |                              |                6 |              8 |
| ~L_OBUF_BUFG                                     | myCPU/my_PC/data_reg[209][7][0]       |                              |                6 |              8 |
| ~L_OBUF_BUFG                                     | myCPU/my_PC/data_reg[20][7][0]        |                              |                7 |              8 |
| ~L_OBUF_BUFG                                     | myCPU/my_PC/data_reg[210][7]_0[0]     |                              |                7 |              8 |
| ~L_OBUF_BUFG                                     | myCPU/my_PC/data_reg[211][7][0]       |                              |                4 |              8 |
| ~L_OBUF_BUFG                                     | myCPU/my_PC/data_reg[212][7][0]       |                              |                4 |              8 |
| ~L_OBUF_BUFG                                     | myCPU/my_PC/data_reg[213][7][0]       |                              |                3 |              8 |
| ~L_OBUF_BUFG                                     | myCPU/my_PC/data_reg[214][7]_0[0]     |                              |                5 |              8 |
| ~L_OBUF_BUFG                                     | myCPU/my_PC/data_reg[215][7][0]       |                              |                5 |              8 |
| ~L_OBUF_BUFG                                     | myCPU/my_PC/data_reg[216][7]_0[0]     |                              |                5 |              8 |
| ~L_OBUF_BUFG                                     | myCPU/my_PC/data_reg[217][7][0]       |                              |                5 |              8 |
| ~L_OBUF_BUFG                                     | myCPU/my_PC/data_reg[218][7]_0[0]     |                              |                7 |              8 |
| ~L_OBUF_BUFG                                     | myCPU/my_PC/data_reg[219][7]_0[0]     |                              |                4 |              8 |
| ~L_OBUF_BUFG                                     | myCPU/my_PC/data_reg[21][7]_0[0]      |                              |                6 |              8 |
| ~L_OBUF_BUFG                                     | myCPU/my_PC/data_reg[220][7]_0[0]     |                              |                5 |              8 |
| ~L_OBUF_BUFG                                     | myCPU/my_PC/data_reg[221][7][0]       |                              |                5 |              8 |
| ~L_OBUF_BUFG                                     | myCPU/my_PC/data_reg[222][7]_0[0]     |                              |                5 |              8 |
| ~L_OBUF_BUFG                                     | myCPU/my_PC/data_reg[223][7]_1[0]     |                              |                6 |              8 |
| ~L_OBUF_BUFG                                     | myCPU/my_PC/data_reg[224][7]_0[0]     |                              |                3 |              8 |
| ~L_OBUF_BUFG                                     | myCPU/my_PC/data_reg[225][7][0]       |                              |                6 |              8 |
| ~L_OBUF_BUFG                                     | myCPU/my_PC/data_reg[226][7][0]       |                              |                8 |              8 |
| ~L_OBUF_BUFG                                     | myCPU/my_PC/data_reg[227][7][0]       |                              |                5 |              8 |
| ~L_OBUF_BUFG                                     | myCPU/my_PC/data_reg[228][7]_0[0]     |                              |                4 |              8 |
| ~L_OBUF_BUFG                                     | myCPU/my_PC/data_reg[229][7][0]       |                              |                3 |              8 |
| ~L_OBUF_BUFG                                     | myCPU/my_PC/data_reg[22][7][0]        |                              |                3 |              8 |
| ~L_OBUF_BUFG                                     | myCPU/my_PC/data_reg[230][7][0]       |                              |                4 |              8 |
| ~L_OBUF_BUFG                                     | myCPU/my_PC/data_reg[231][7][0]       |                              |                4 |              8 |
| ~L_OBUF_BUFG                                     | myCPU/my_PC/data_reg[232][7][0]       |                              |                3 |              8 |
| ~L_OBUF_BUFG                                     | myCPU/my_PC/data_reg[233][7]_0[0]     |                              |                6 |              8 |
| ~L_OBUF_BUFG                                     | myCPU/my_PC/data_reg[234][7][0]       |                              |                6 |              8 |
| ~L_OBUF_BUFG                                     | myCPU/my_PC/data_reg[235][7][0]       |                              |                8 |              8 |
| ~L_OBUF_BUFG                                     | myCPU/my_PC/data_reg[236][7][0]       |                              |                5 |              8 |
| ~L_OBUF_BUFG                                     | myCPU/my_PC/data_reg[237][7]_1[0]     |                              |                6 |              8 |
| ~L_OBUF_BUFG                                     | myCPU/my_PC/data_reg[238][7]_0[0]     |                              |                5 |              8 |
| ~L_OBUF_BUFG                                     | myCPU/my_PC/data_reg[239][7]_1[0]     |                              |                3 |              8 |
| ~L_OBUF_BUFG                                     | myCPU/my_PC/data_reg[23][7][0]        |                              |                4 |              8 |
| ~L_OBUF_BUFG                                     | myCPU/my_PC/data_reg[240][7]_0[0]     |                              |                5 |              8 |
| ~L_OBUF_BUFG                                     | myCPU/my_PC/data_reg[241][7][0]       |                              |                2 |              8 |
| ~L_OBUF_BUFG                                     | myCPU/my_PC/data_reg[242][7]_0[0]     |                              |                6 |              8 |
| ~L_OBUF_BUFG                                     | myCPU/my_PC/data_reg[243][7][0]       |                              |                5 |              8 |
| ~L_OBUF_BUFG                                     | myCPU/my_PC/data_reg[244][7]_0[0]     |                              |                5 |              8 |
| ~L_OBUF_BUFG                                     | myCPU/my_PC/data_reg[245][7]_0[0]     |                              |                3 |              8 |
| ~L_OBUF_BUFG                                     | myCPU/my_PC/data_reg[246][7][0]       |                              |                4 |              8 |
| ~L_OBUF_BUFG                                     | myCPU/my_PC/data_reg[247][7][0]       |                              |                5 |              8 |
| ~L_OBUF_BUFG                                     | myCPU/my_PC/data_reg[248][7][0]       |                              |                5 |              8 |
| ~L_OBUF_BUFG                                     | myCPU/my_PC/data_reg[249][7][0]       |                              |                6 |              8 |
| ~L_OBUF_BUFG                                     | myCPU/my_PC/data_reg[24][7]_0[0]      |                              |                5 |              8 |
| ~L_OBUF_BUFG                                     | myCPU/my_PC/data_reg[250][7]_0[0]     |                              |                3 |              8 |
| ~L_OBUF_BUFG                                     | myCPU/my_PC/data_reg[251][7][0]       |                              |                2 |              8 |
| ~L_OBUF_BUFG                                     | myCPU/my_PC/data_reg[252][7][0]       |                              |                4 |              8 |
| ~L_OBUF_BUFG                                     | myCPU/my_PC/data_reg[253][7]_0[0]     |                              |                3 |              8 |
| ~L_OBUF_BUFG                                     | myCPU/my_PC/data_reg[254][7][0]       |                              |                6 |              8 |
| ~L_OBUF_BUFG                                     | myCPU/my_PC/data_reg[255][7][0]       |                              |                6 |              8 |
| ~L_OBUF_BUFG                                     | myCPU/my_PC/data_reg[25][7]_4[0]      |                              |                5 |              8 |
| ~L_OBUF_BUFG                                     | myCPU/my_PC/data_reg[26][7][0]        |                              |                5 |              8 |
| ~L_OBUF_BUFG                                     | myCPU/my_PC/data_reg[27][7][0]        |                              |                7 |              8 |
| ~L_OBUF_BUFG                                     | myCPU/my_PC/data_reg[28][7]_1[0]      |                              |                6 |              8 |
| ~L_OBUF_BUFG                                     | myCPU/my_PC/data_reg[29][7]_0[0]      |                              |                3 |              8 |
| ~L_OBUF_BUFG                                     | myCPU/my_PC/data_reg[2][7][0]         |                              |                5 |              8 |
| ~L_OBUF_BUFG                                     | myCPU/my_PC/data_reg[30][7][0]        |                              |                4 |              8 |
| ~L_OBUF_BUFG                                     | myCPU/my_PC/data_reg[31][7][0]        |                              |                5 |              8 |
| ~L_OBUF_BUFG                                     | myCPU/my_PC/data_reg[32][7]_1[0]      |                              |                4 |              8 |
| ~L_OBUF_BUFG                                     | myCPU/my_PC/data_reg[33][7][0]        |                              |                5 |              8 |
| ~L_OBUF_BUFG                                     | myCPU/my_PC/data_reg[34][7]_0[0]      |                              |                5 |              8 |
| ~L_OBUF_BUFG                                     | myCPU/my_PC/data_reg[35][7][0]        |                              |                3 |              8 |
| ~L_OBUF_BUFG                                     | myCPU/my_PC/data_reg[36][7]_0[0]      |                              |                5 |              8 |
| ~L_OBUF_BUFG                                     | myCPU/my_PC/data_reg[37][7]_0[0]      |                              |                5 |              8 |
| ~L_OBUF_BUFG                                     | myCPU/my_PC/data_reg[38][7][0]        |                              |                8 |              8 |
| ~L_OBUF_BUFG                                     | myCPU/my_PC/data_reg[39][7][0]        |                              |                4 |              8 |
| ~L_OBUF_BUFG                                     | myCPU/my_PC/data_reg[3][7]_1[0]       |                              |                5 |              8 |
| ~L_OBUF_BUFG                                     | myCPU/my_PC/data_reg[40][7][0]        |                              |                5 |              8 |
| ~L_OBUF_BUFG                                     | myCPU/my_PC/data_reg[41][7][0]        |                              |                4 |              8 |
| ~L_OBUF_BUFG                                     | myCPU/my_PC/data_reg[42][7][0]        |                              |                5 |              8 |
| ~L_OBUF_BUFG                                     | myCPU/my_PC/data_reg[43][7]_0[0]      |                              |                6 |              8 |
| ~L_OBUF_BUFG                                     | myCPU/my_PC/data_reg[44][7][0]        |                              |                4 |              8 |
| ~L_OBUF_BUFG                                     | myCPU/my_PC/data_reg[45][7][0]        |                              |                3 |              8 |
| ~L_OBUF_BUFG                                     | myCPU/my_PC/data_reg[46][7][0]        |                              |                6 |              8 |
| ~L_OBUF_BUFG                                     | myCPU/my_PC/data_reg[47][7][0]        |                              |                5 |              8 |
| ~L_OBUF_BUFG                                     | myCPU/my_PC/data_reg[48][7][0]        |                              |                6 |              8 |
| ~L_OBUF_BUFG                                     | myCPU/my_PC/data_reg[49][7][0]        |                              |                8 |              8 |
| ~L_OBUF_BUFG                                     | myCPU/my_PC/data_reg[4][7]_1[0]       |                              |                3 |              8 |
| ~L_OBUF_BUFG                                     | myCPU/my_PC/data_reg[50][7][0]        |                              |                7 |              8 |
| ~L_OBUF_BUFG                                     | myCPU/my_PC/data_reg[51][7][0]        |                              |                6 |              8 |
| ~L_OBUF_BUFG                                     | myCPU/my_PC/data_reg[52][7][0]        |                              |                7 |              8 |
| ~L_OBUF_BUFG                                     | myCPU/my_PC/data_reg[53][7]_0[0]      |                              |                6 |              8 |
| ~L_OBUF_BUFG                                     | myCPU/my_PC/data_reg[54][7][0]        |                              |                6 |              8 |
| ~L_OBUF_BUFG                                     | myCPU/my_PC/data_reg[55][7][0]        |                              |                3 |              8 |
| ~L_OBUF_BUFG                                     | myCPU/my_PC/data_reg[56][7][0]        |                              |                5 |              8 |
| ~L_OBUF_BUFG                                     | myCPU/my_PC/data_reg[57][7][0]        |                              |                6 |              8 |
| ~L_OBUF_BUFG                                     | myCPU/my_PC/data_reg[58][7][0]        |                              |                5 |              8 |
| ~L_OBUF_BUFG                                     | myCPU/my_PC/data_reg[59][7][0]        |                              |                7 |              8 |
| ~L_OBUF_BUFG                                     | myCPU/my_PC/data_reg[5][7]_0[0]       |                              |                5 |              8 |
| ~L_OBUF_BUFG                                     | myCPU/my_PC/data_reg[60][7][0]        |                              |                6 |              8 |
| ~L_OBUF_BUFG                                     | myCPU/my_PC/data_reg[61][7][0]        |                              |                5 |              8 |
| ~L_OBUF_BUFG                                     | myCPU/my_PC/data_reg[62][7]_5[0]      |                              |                6 |              8 |
| ~L_OBUF_BUFG                                     | myCPU/my_PC/data_reg[63][7]_0[0]      |                              |                3 |              8 |
| ~L_OBUF_BUFG                                     | myCPU/my_PC/data_reg[64][7]_0[0]      |                              |                3 |              8 |
| ~L_OBUF_BUFG                                     | myCPU/my_PC/data_reg[65][7][0]        |                              |                6 |              8 |
| ~L_OBUF_BUFG                                     | myCPU/my_PC/data_reg[66][7][0]        |                              |                5 |              8 |
| ~L_OBUF_BUFG                                     | myCPU/my_PC/data_reg[67][7]_0[0]      |                              |                5 |              8 |
| ~L_OBUF_BUFG                                     | myCPU/my_PC/data_reg[68][7]_4[0]      |                              |                5 |              8 |
| ~L_OBUF_BUFG                                     | myCPU/my_PC/data_reg[69][7][0]        |                              |                6 |              8 |
| ~L_OBUF_BUFG                                     | myCPU/my_PC/data_reg[6][7][0]         |                              |                6 |              8 |
| ~L_OBUF_BUFG                                     | myCPU/my_PC/data_reg[70][7][0]        |                              |                5 |              8 |
| ~L_OBUF_BUFG                                     | myCPU/my_PC/data_reg[71][7][0]        |                              |                5 |              8 |
| ~L_OBUF_BUFG                                     | myCPU/my_PC/data_reg[72][7]_4[0]      |                              |                5 |              8 |
| ~L_OBUF_BUFG                                     | myCPU/my_PC/data_reg[73][7][0]        |                              |                6 |              8 |
| ~L_OBUF_BUFG                                     | myCPU/my_PC/data_reg[74][7]_0[0]      |                              |                6 |              8 |
| ~L_OBUF_BUFG                                     | myCPU/my_PC/data_reg[75][7][0]        |                              |                4 |              8 |
| ~L_OBUF_BUFG                                     | myCPU/my_PC/data_reg[76][7][0]        |                              |                5 |              8 |
| ~L_OBUF_BUFG                                     | myCPU/my_PC/data_reg[77][7][0]        |                              |                4 |              8 |
| ~L_OBUF_BUFG                                     | myCPU/my_PC/data_reg[78][7][0]        |                              |                3 |              8 |
| ~L_OBUF_BUFG                                     | myCPU/my_PC/data_reg[79][7]_0[0]      |                              |                5 |              8 |
| ~L_OBUF_BUFG                                     | myCPU/my_PC/data_reg[7][7]_1[0]       |                              |                8 |              8 |
| ~L_OBUF_BUFG                                     | myCPU/my_PC/data_reg[80][7]_0[0]      |                              |                7 |              8 |
| ~L_OBUF_BUFG                                     | myCPU/my_PC/data_reg[81][7][0]        |                              |                4 |              8 |
| ~L_OBUF_BUFG                                     | myCPU/my_PC/data_reg[82][7]_4[0]      |                              |                4 |              8 |
| ~L_OBUF_BUFG                                     | myCPU/my_PC/data_reg[83][7][0]        |                              |                4 |              8 |
| ~L_OBUF_BUFG                                     | myCPU/my_PC/data_reg[84][7]_0[0]      |                              |                6 |              8 |
| ~L_OBUF_BUFG                                     | myCPU/my_PC/data_reg[85][7]_0[0]      |                              |                5 |              8 |
| ~L_OBUF_BUFG                                     | myCPU/my_PC/data_reg[86][7][0]        |                              |                5 |              8 |
| ~L_OBUF_BUFG                                     | myCPU/my_PC/data_reg[87][7][0]        |                              |                6 |              8 |
| ~L_OBUF_BUFG                                     | myCPU/my_PC/data_reg[88][7][0]        |                              |                4 |              8 |
| ~L_OBUF_BUFG                                     | myCPU/my_PC/data_reg[89][7][0]        |                              |                5 |              8 |
| ~L_OBUF_BUFG                                     | myCPU/my_PC/data_reg[8][7]_0[0]       |                              |                5 |              8 |
| ~L_OBUF_BUFG                                     | myCPU/my_PC/data_reg[90][7]_0[0]      |                              |                5 |              8 |
| ~L_OBUF_BUFG                                     | myCPU/my_PC/data_reg[91][7][0]        |                              |                3 |              8 |
| ~L_OBUF_BUFG                                     | myCPU/my_PC/data_reg[92][7][0]        |                              |                3 |              8 |
| ~L_OBUF_BUFG                                     | myCPU/my_PC/data_reg[93][7][0]        |                              |                4 |              8 |
| ~L_OBUF_BUFG                                     | myCPU/my_PC/data_reg[94][7]_0[0]      |                              |                5 |              8 |
| ~L_OBUF_BUFG                                     | myCPU/my_PC/data_reg[95][7]_0[0]      |                              |                4 |              8 |
| ~L_OBUF_BUFG                                     | myCPU/my_PC/data_reg[96][7][0]        |                              |                3 |              8 |
| ~L_OBUF_BUFG                                     | myCPU/my_PC/data_reg[97][7]_0[0]      |                              |                5 |              8 |
| ~L_OBUF_BUFG                                     | myCPU/my_PC/data_reg[98][7][0]        |                              |                6 |              8 |
| ~L_OBUF_BUFG                                     | myCPU/my_PC/data_reg[99][7]_3[0]      |                              |                5 |              8 |
| ~L_OBUF_BUFG                                     | myCPU/my_PC/data_reg[9][7]_0[0]       |                              |                5 |              8 |
| ~L_OBUF_BUFG                                     | myCPU/my_PC/E[0]                      |                              |                5 |              8 |
| ~L_OBUF_BUFG                                     | myCPU/my_PC/data_reg[0][7]_1[0]       |                              |                4 |              8 |
| ~L_OBUF_BUFG                                     | myCPU/my_PC/data_reg[100][7]_0[0]     |                              |                5 |              8 |
|  myCPU/my_control_unit/RegWre_inferred__0/i__n_0 |                                       |                              |                5 |             10 |
|  clock/clkdiv_reg__0[0]                          | button_out/delay_clk[0]_i_1_n_0       |                              |                4 |             16 |
|  clk_IBUF_BUFG                                   |                                       |                              |                5 |             18 |
| ~L_OBUF_BUFG                                     | myCPU/my_PC/registers_reg[4][31][0]   |                              |               14 |             32 |
| ~L_OBUF_BUFG                                     | myCPU/my_PC/registers_reg[5][31][0]   |                              |               13 |             32 |
| ~L_OBUF_BUFG                                     | myCPU/my_PC/registers_reg[6][31]_0[0] |                              |               11 |             32 |
| ~L_OBUF_BUFG                                     | myCPU/my_PC/registers_reg[7][31][0]   |                              |               27 |             32 |
| ~memory_out_reg[31]_i_7_n_0                      |                                       |                              |               28 |             32 |
| ~L_OBUF_BUFG                                     | myCPU/my_PC/registers_reg[1][31]_3[0] |                              |               11 |             32 |
| ~L_OBUF_BUFG                                     | myCPU/my_PC/registers_reg[2][31]_1[0] |                              |               14 |             32 |
| ~L_OBUF_BUFG                                     | myCPU/my_PC/registers_reg[3][31][0]   |                              |               15 |             32 |
+--------------------------------------------------+---------------------------------------+------------------------------+------------------+----------------+


+--------+-----------------------+
| Fanout | Number of ControlSets |
+--------+-----------------------+
| 1      |                     5 |
| 3      |                     1 |
| 6      |                     1 |
| 8      |                   256 |
| 10     |                     1 |
| 16+    |                    10 |
+--------+-----------------------+


